C:\Users\Mrqts\Desktop\Project2\src\main\java\Exceptions\GuestNotFoundException.java
C:\Users\Mrqts\Desktop\Project2\src\main\java\Guest\GuestDao.java
C:\Users\Mrqts\Desktop\Project2\src\main\java\Reservation\ReservationDao.java
C:\Users\Mrqts\Desktop\Project2\src\main\java\Rooms\RoomType.java
C:\Users\Mrqts\Desktop\Project2\src\main\java\Guest\GuestDaoImpl.java
C:\Users\Mrqts\Desktop\Project2\src\main\java\Reservation\ReservationService.java
C:\Users\Mrqts\Desktop\Project2\src\main\java\Email\Invoice.java
C:\Users\Mrqts\Desktop\Project2\src\main\java\Email\ReservationEmail.java
C:\Users\Mrqts\Desktop\Project2\src\main\java\Guest\GuestService.java
C:\Users\Mrqts\Desktop\Project2\src\main\java\Exceptions\RoomNotFoundException.java
C:\Users\Mrqts\Desktop\Project2\src\main\java\Admin\AdminController.java
C:\Users\Mrqts\Desktop\Project2\src\main\java\Admin\PaymentProcessor.java
C:\Users\Mrqts\Desktop\Project2\src\main\java\Guest\GuestEmail.java
C:\Users\Mrqts\Desktop\Project2\src\main\java\Reservation\Reservation.java
C:\Users\Mrqts\Desktop\Project2\src\main\java\Guest\GuestServiceImpl.java
C:\Users\Mrqts\Desktop\Project2\src\main\java\Reservation\ReservationComparator.java
C:\Users\Mrqts\Desktop\Project2\src\main\java\Exceptions\EmailExistsException.java
C:\Users\Mrqts\Desktop\Project2\src\main\java\Admin\AdminDaoImpl.java
C:\Users\Mrqts\Desktop\Project2\src\main\java\Reservation\ReservationController.java
C:\Users\Mrqts\Desktop\Project2\src\main\java\Admin\AdminService.java
C:\Users\Mrqts\Desktop\Project2\src\main\java\Admin\AdminDao.java
C:\Users\Mrqts\Desktop\Project2\src\main\java\Admin\AdminServiceImpl.java
C:\Users\Mrqts\Desktop\Project2\src\main\java\Rooms\Room.java
C:\Users\Mrqts\Desktop\Project2\src\main\java\Reservation\DiningPref.java
C:\Users\Mrqts\Desktop\Project2\src\main\java\Reservation\ReservationDaoImpl.java
C:\Users\Mrqts\Desktop\Project2\src\main\java\Reservation\ReservationManager.java
C:\Users\Mrqts\Desktop\Project2\src\main\java\Guest\Guest.java
C:\Users\Mrqts\Desktop\Project2\src\main\java\Guest\GuestController.java
C:\Users\Mrqts\Desktop\Project2\src\main\java\Reservation\ReservationServiceImpl.java
C:\Users\Mrqts\Desktop\Project2\src\main\java\Exceptions\IncorrectLoginException.java
